---
source: src/maven/version_tests.rs
expression: "get_tokens(\"1m\")"
---
- prefix: Hyphen
  value:
    Number: 1
- prefix: Hyphen
  value:
    Qualifier: m

