---
source: src/maven/version_tests.rs
expression: "get_tokens(\"0m0\")"
---
- prefix: Hyphen
  value:
    Qualifier: milestone

